{
  "month": "01",
  "year": "2023",
  "period": "month",
  "type": "humidity",
  "history": [
    {
      "day": "01",
      "min": 35.2,
      "max": 36.1,
      "mean": 35.67
    },
    {
      "day": "02",
      "min": 33.1,
      "max": 35,
      "mean": 33.83
    }
  ]
}