{
  "year": "2023",
  "period": "year",
  "type": "humidity",
  "history": [
    {
      "month": "01",
      "min": 33.1,
      "max": 36.1,
      "mean": 34.75
    },
    {
      "month": "02",
      "min": 32,
      "max": 32,
      "mean": 32
    },
    {
      "month": "12",
      "min": 35.3,
      "max": 35.3,
      "mean": 35.3
    }
  ]
}