{
  "month": "01",
  "year": "2023",
  "history": [
    {
      "day": "01",
      "min": 80,
      "max": 82.1,
      "mean": 81.03
    },
    {
      "day": "02",
      "min": 76.5,
      "max": 77.01,
      "mean": 76.76
    }
  ]
}