{
  "year": "2023",
  "period": "year",
  "type": "humidity",
  "history": [
    {
      "month": "01",
      "min": 76.5,
      "max": 82.1,
      "mean": 79.32
    },
    {
      "month": "02",
      "min": 69.01,
      "max": 69.01,
      "mean": 69.01
    },
    {
      "month": "12",
      "min": 80,
      "max": 95.4,
      "mean": 87.7
    }
  ]
}