{
  "year": "2023",
  "period": "year",
  "type": "pressure",
  "history": [
    {
      "month": "01",
      "min": 1000,
      "max": 1023.21,
      "mean": 1017.98
    },
    {
      "month": "02",
      "min": 1015.45,
      "max": 1015.45,
      "mean": 1015.45
    },
    {
      "month": "12",
      "min": 1007.43,
      "max": 1250.21,
      "mean": 1128.82
    }
  ]
}