{
  "month": "01",
  "year": "2023",
  "history": [
    {
      "day": "01",
      "min": 1000,
      "max": 1023.21,
      "mean": 1014.4
    },
    {
      "day": "02",
      "min": 1020.45,
      "max": 1023.11,
      "mean": 1021.56
    }
  ]
}