{
  "year": "2023",
  "period": "year",
  "type": "temperature",
  "history": [
    {
      "month": "01",
      "min": 19.91,
      "max": 22,
      "mean": 20.72
    },
    {
      "month": "02",
      "min": 1.01,
      "max": 1.01,
      "mean": 1.01
    },
    {
      "month": "12",
      "min": 1.2,
      "max": 32.1,
      "mean": 16.65
    }
  ]
}