{
  "month": "01",
  "year": "2023",
  "period": "month",
  "type": "temperature",
  "history": [
    {
      "day": "01",
      "min": 10.3,
      "max": 12.4,
      "mean": 11.3
    },
    {
      "day": "02",
      "min": -4.3,
      "max": 12.5,
      "mean": 6.77
    }
  ]
}