{
  "year": "2023",
  "period": "year",
  "type": "temperature",
  "history": [
    {
      "month": "01",
      "min": -4.3,
      "max": 12.5,
      "mean": 9.03
    },
    {
      "month": "02",
      "min": 2.1,
      "max": 2.1,
      "mean": 2.1
    },
    {
      "month": "12",
      "min": -2.01,
      "max": 8.56,
      "mean": 3.28
    }
  ]
}