{
  "month": "01",
  "year": "2023",
  "period": "month",
  "type": "temperature",
  "history": [
    {
      "day": "01",
      "min": 21,
      "max": 22,
      "mean": 21.5
    },
    {
      "day": "02",
      "min": 19.91,
      "max": 20.01,
      "mean": 19.95
    }
  ]
}