{
  "values": [
    {
      "year": "2023",
      "months": [
        "01",
        "02",
        "12"
      ]
    },
    {
      "year": "2022",
      "months": [
        "12"
      ]
    }
  ]
}